io.github.finoid.maven.plugins.codequality.log.ViolationLinkableConsoleLoggerUnitTest.givenViolation_whenFormat_thenExpectedFormat=[
  "/path/to/file/bNnRLyKE.java:[72,17] Description Zv2g7O0N4P [ZsDtD78bWT]"
]