io.github.finoid.maven.plugins.codequality.step.StepResultsUnitTest.givenNonPermissiveViolation_whenGetNonPermissiveViolations_thenReturnsExpectedViolation=[
  [
    {
      "columnNumber" : 17,
      "description" : "Description Zv2g7O0N4P",
      "fingerprint" : "LX8lvD1HROP1zV9O",
      "fullPath" : "/path/to/file/bNnRLyKE.java",
      "line" : 72,
      "relativePath" : "/file/KR1nHTx7.java",
      "rule" : "ZsDtD78bWT",
      "severity" : "MAJOR"
    }
  ]
]